// Jest Snapshot v1, https://goo.gl/fbAQLP

exports[`Page Page should render correctly 1`] = `ShallowWrapper {}`;
