// Jest Snapshot v1, https://goo.gl/fbAQLP

exports[`Button component Button should render correctly 1`] = `ShallowWrapper {}`;
